
> stream-allin-tools@1.0.0 build
> next build

▲ Next.js 16.1.6 (Turbopack)
- Environments: .env.local, .env

⚠ The "middleware" file convention is deprecated. Please use "proxy" instead. Learn more: https://nextjs.org/docs/messages/middleware-to-proxy
  Creating an optimized production build ...
✓ Compiled successfully in 2.2s
  Running TypeScript ...
Failed to compile.

./lib/session.ts:12:7
Type error: Type 'string | undefined' is not assignable to type 'string'.
  Type 'undefined' is not assignable to type 'string'.

  10 |   throw new Error("SESSION_SECRET environment variable is required");
  11 | }
> 12 | const SESSION_SECRET: string = SECRET;
     |       ^
  13 |
  14 | // Internal helper to get a CryptoKey for HMAC-SHA256
  15 | async function getSecretKey(): Promise<CryptoKey> {
Next.js build worker exited with code: 1 and signal: null
